// Jest Snapshot v1, https://goo.gl/fbAQLP

exports[`should match snapshot 1`] = `"<div class=\\"flex flex-wrap mx-auto pt-8\\"><form class=\\"container mx-auto flex flex-col p-6\\"><label for=\\"title\\" class=\\"mb-2\\">Title</label><input type=\\"text\\" value=\\"\\" name=\\"title\\" id=\\"title\\" class=\\"shadow rounded border mb-2 p-2\\"><label for=\\"content\\" class=\\"mb-2\\">Content </label><textarea id=\\"content\\" name=\\"content\\" class=\\"shadow rounded border mb-2 p-2\\"></textarea><input type=\\"submit\\" value=\\"Create\\" class=\\"bg-indigo-dark hover:bg-indigo-darker text-white font-bold py-2 px-4 rounded-full\\"></form><div class=\\"w-full shadow p-6 m-6 border rounded relative\\"><article class=\\"mb-2\\"><button class=\\"bg-red-dark hover:bg-red-darker text-white font-bold py-2 px-4 rounded-full absolute pin-t pin-r mx-4 my-6\\" data-test=\\"button\\">x</button><h2 class=\\"mb-4 w-4/5\\">testTitle</h2><div class=\\"mb-4 text-grey-darkest markdown\\"><p>testContent</p></div><p class=\\"text-grey-dark mb-4\\">Posted by: testAuthor @ 2018-1-23 14:44:38</p></article><div class=\\"py-2\\"><h2 class=\\"text-indigo-darker border-b mb-4\\">Comments</h2><form class=\\"container mx-auto flex flex-col p-6\\"><label for=\\"comment\\" class=\\"mb-2\\">Comment</label><textarea id=\\"comment\\" name=\\"comment\\" class=\\"shadow rounded border mb-2 p-2\\"></textarea><input type=\\"submit\\" value=\\"Comment\\" class=\\"bg-indigo-dark hover:bg-indigo-darker text-white font-bold py-2 px-4 rounded-full\\"></form></div></div></div>"`;
